=== Part I evidence: multi-stage build ===
captured: 2026-09-28T09:37:50Z

$ docker build -t devops-hello:1.0.0 --build-arg VERSION=1.0.0 .

#0 building with "desktop-linux" instance using docker driver

#1 [internal] load build definition from Dockerfile
#1 transferring dockerfile: 1.21kB 0.0s done
#1 DONE 0.0s

#2 resolve image config for docker-image://docker.io/docker/dockerfile:1.7
#2 DONE 2.1s

#3 docker-image://docker.io/docker/dockerfile:1.7@sha256:a57df69d0ea827fb7266491f2813635de6f17269be881f696fbfdf2d83dda33e
#3 resolve docker.io/docker/dockerfile:1.7@sha256:a57df69d0ea827fb7266491f2813635de6f17269be881f696fbfdf2d83dda33e 0.0s done
#3 CACHED

#4 [internal] load metadata for docker.io/library/alpine:3.20
#4 ...

#5 [internal] load metadata for docker.io/library/golang:1.27-alpine
#5 DONE 1.4s

#4 [internal] load metadata for docker.io/library/alpine:3.20
#4 DONE 1.4s

#6 [internal] load .dockerignore
#6 transferring context: 323B done
#6 DONE 0.0s

#7 [internal] load build context
#7 DONE 0.0s

#8 [builder 1/6] FROM docker.io/library/golang:1.27-alpine@sha256:8a5910f31396cd4d89662f56c68b3ae31d374308270a1c3bd96672ee5ed43414
#8 resolve docker.io/library/golang:1.27-alpine@sha256:8a5910f31396cd4d89662f56c68b3ae31d374308270a1c3bd96672ee5ed43414 0.0s done
#8 DONE 0.0s

#9 [runtime 1/5] FROM docker.io/library/alpine:3.20@sha256:d9e853e87e55526f6b2917df91a2115c36dd7c696a35be12163d44e6e2a4b6bc
#9 resolve docker.io/library/alpine:3.20@sha256:d9e853e87e55526f6b2917df91a2115c36dd7c696a35be12163d44e6e2a4b6bc
#9 resolve docker.io/library/alpine:3.20@sha256:d9e853e87e55526f6b2917df91a2115c36dd7c696a35be12163d44e6e2a4b6bc 0.0s done
#9 CACHED

#10 [builder 2/6] WORKDIR /src
#10 CACHED

#7 [internal] load build context
#7 transferring context: 12.73kB 0.0s done
#7 DONE 0.0s

#11 [builder 3/6] COPY go.mod ./
#11 DONE 0.0s

#12 [builder 4/6] RUN go mod download
#12 0.323 go: no module dependencies to download
#12 DONE 0.3s

#13 [builder 5/6] COPY . .
#13 DONE 0.1s

#14 [runtime 2/5] RUN apk add --no-cache ca-certificates tini  && addgroup -S app && adduser -S app -G app
#14 0.405 fetch https://dl-cdn.alpinelinux.org/alpine/v3.20/main/x86_64/APKINDEX.tar.gz
#14 0.662 fetch https://dl-cdn.alpinelinux.org/alpine/v3.20/community/x86_64/APKINDEX.tar.gz
#14 1.244 (1/2) Installing ca-certificates (20260413-r0)
#14 1.297 (2/2) Installing tini (0.19.0-r3)
#14 1.317 Executing busybox-1.36.1-r31.trigger
#14 1.327 Executing ca-certificates-20260413-r0.trigger
#14 1.450 OK: 8 MiB in 16 packages
#14 DONE 1.8s

#15 [builder 6/6] RUN go build -trimpath     -ldflags "-s -w -X main.version=1.0.0"     -o /out/hello .
#15 ...

#16 [runtime 3/5] COPY entrypoint.sh /usr/local/bin/entrypoint.sh
#16 DONE 0.1s

#15 [builder 6/6] RUN go build -trimpath     -ldflags "-s -w -X main.version=1.0.0"     -o /out/hello .
#15 DONE 9.4s

#17 [runtime 4/5] COPY --from=builder /out/hello /usr/local/bin/hello
#17 DONE 0.1s

#18 [runtime 5/5] RUN chmod +x /usr/local/bin/entrypoint.sh /usr/local/bin/hello
#18 DONE 0.3s

#19 exporting to image
#19 exporting layers
#19 exporting layers 0.4s done
#19 exporting manifest sha256:a230adba44ab6c7bf0c2e6e4d849293540d84e6bd17b651dd72993113c10d131 0.0s done
#19 exporting config sha256:eb9e326290c3b9b9a6661dc38e54ef9fb8648de1a7c00e5ad160d2fc03c007f5 0.0s done
#19 exporting attestation manifest sha256:1789b94a065b690959c29eb0c4db8315755b7beaea58a0fb9dd5cbf2a514c34e 0.0s done
#19 exporting manifest list sha256:d15d17e311a903cb58a56c5b065a14d896ad8cf38b9526d0b49f6202bddf6b23 0.0s done
#19 naming to docker.io/library/devops-hello:1.0.0
#19 naming to docker.io/library/devops-hello:1.0.0 done
#19 unpacking to docker.io/library/devops-hello:1.0.0
#19 unpacking to docker.io/library/devops-hello:1.0.0 0.2s done
#19 DONE 0.7s
