Started by user admin
Lightweight checkout support not available, falling back to full checkout.
Checking out git file:///var/jenkins_home/repo.git into /var/jenkins_home/workspace/devops-hello@script/fcfe5b51faad337b1259dbac7aa57ae6f79e1bf5234c10cbe104f869a3eace4a to read Jenkinsfile
The recommended git tool is: NONE
No credentials specified
 > git rev-parse --resolve-git-dir /var/jenkins_home/workspace/devops-hello@script/fcfe5b51faad337b1259dbac7aa57ae6f79e1bf5234c10cbe104f869a3eace4a/.git # timeout=10
Fetching changes from the remote Git repository
 > git config remote.origin.url file:///var/jenkins_home/repo.git # timeout=10
Fetching upstream changes from file:///var/jenkins_home/repo.git
 > git --version # timeout=10
 > git --version # 'git version 2.47.3'
 > git fetch --tags --force --progress -- file:///var/jenkins_home/repo.git +refs/heads/*:refs/remotes/origin/* # timeout=10
Seen branch in repository origin/main
Seen 1 remote branch
 > git show-ref --tags -d # timeout=10
Checking out Revision 325b7f85383737b8abb498dee8db4c55f98c1582 (origin/main)
 > git config core.sparsecheckout # timeout=10
 > git checkout -f 325b7f85383737b8abb498dee8db4c55f98c1582 # timeout=10
Commit message: "entrypoint: respawn the binary in place so PID 1 never exits (no container restart on hot-swap)"
 > git rev-list --no-walk 93d229fe4853ebee8931e0a8bbfed9f972a1de34 # timeout=10
[Pipeline] Start of Pipeline
[Pipeline] node
Running on Jenkins in /var/jenkins_home/workspace/devops-hello
[Pipeline] {
[Pipeline] stage
[Pipeline] { (Declarative: Checkout SCM)
[Pipeline] checkout
The recommended git tool is: NONE
No credentials specified
 > git rev-parse --resolve-git-dir /var/jenkins_home/workspace/devops-hello/.git # timeout=10
Fetching changes from the remote Git repository
 > git config remote.origin.url file:///var/jenkins_home/repo.git # timeout=10
Fetching upstream changes from file:///var/jenkins_home/repo.git
 > git --version # timeout=10
 > git --version # 'git version 2.47.3'
 > git fetch --tags --force --progress -- file:///var/jenkins_home/repo.git +refs/heads/*:refs/remotes/origin/* # timeout=10
Seen branch in repository origin/main
Seen 1 remote branch
 > git show-ref --tags -d # timeout=10
Checking out Revision 325b7f85383737b8abb498dee8db4c55f98c1582 (origin/main)
 > git config core.sparsecheckout # timeout=10
 > git checkout -f 325b7f85383737b8abb498dee8db4c55f98c1582 # timeout=10
Commit message: "entrypoint: respawn the binary in place so PID 1 never exits (no container restart on hot-swap)"
[Pipeline] }
[Pipeline] // stage
[Pipeline] withEnv
[Pipeline] {
[Pipeline] withEnv
[Pipeline] {
[Pipeline] stage
[Pipeline] { (Checkout)
[Pipeline] checkout
The recommended git tool is: NONE
No credentials specified
 > git rev-parse --resolve-git-dir /var/jenkins_home/workspace/devops-hello/.git # timeout=10
Fetching changes from the remote Git repository
 > git config remote.origin.url file:///var/jenkins_home/repo.git # timeout=10
Fetching upstream changes from file:///var/jenkins_home/repo.git
 > git --version # timeout=10
 > git --version # 'git version 2.47.3'
 > git fetch --tags --force --progress -- file:///var/jenkins_home/repo.git +refs/heads/*:refs/remotes/origin/* # timeout=10
Seen branch in repository origin/main
Seen 1 remote branch
 > git show-ref --tags -d # timeout=10
Checking out Revision 325b7f85383737b8abb498dee8db4c55f98c1582 (origin/main)
 > git config core.sparsecheckout # timeout=10
 > git checkout -f 325b7f85383737b8abb498dee8db4c55f98c1582 # timeout=10
Commit message: "entrypoint: respawn the binary in place so PID 1 never exits (no container restart on hot-swap)"
[Pipeline] sh
+ git rev-parse --short HEAD
325b7f8
[Pipeline] }
[Pipeline] // stage
[Pipeline] stage
[Pipeline] { (Test)
[Pipeline] sh
+ go vet ./...
[Pipeline] sh
+ go test -v ./...
=== RUN   TestRootHandler
--- PASS: TestRootHandler (0.00s)
=== RUN   TestHealthHandler
--- PASS: TestHealthHandler (0.00s)
=== RUN   TestVersionEndpoint
--- PASS: TestVersionEndpoint (0.00s)
PASS
ok  	devops-hello	(cached)
[Pipeline] }
[Pipeline] // stage
[Pipeline] stage
[Pipeline] { (Build Image)
[Pipeline] sh
+ docker build -t devops-hello:12-325b7f85 --build-arg VERSION=12-325b7f85 .
DEPRECATED: The legacy builder is deprecated and will be removed in a future release.
            Install the buildx component to build images with BuildKit:
            https://docs.docker.com/go/buildx/

Sending build context to Docker daemon  26.11kB
Step 1/16 : FROM golang:1.27-alpine AS builder
 ---> 8a5910f31396
Step 2/16 : ARG VERSION=dev
 ---> Running in 817037a84544
 ---> Removed intermediate container 817037a84544
 ---> 51f7f04d5038
Step 3/16 : WORKDIR /src
 ---> Running in 4a1b966d8fb3
 ---> Removed intermediate container 4a1b966d8fb3
 ---> c9fcddd5030c
Step 4/16 : COPY go.mod ./
 ---> 1d1b52b0d7f3
Step 5/16 : RUN go mod download
 ---> Running in b600b75bb86b
[91mgo: no module dependencies to download
[0m ---> Removed intermediate container b600b75bb86b
 ---> a05431f66736
Step 6/16 : COPY . .
 ---> 0103c4230aa3
Step 7/16 : ENV CGO_ENABLED=0     GOOS=linux     GOARCH=amd64
 ---> Running in 311c0661c190
 ---> Removed intermediate container 311c0661c190
 ---> e09c16b2c9ae
Step 8/16 : RUN go build -trimpath     -ldflags "-s -w -X main.version=${VERSION}"     -o /out/hello .
 ---> Running in e5e04106d0eb
 ---> Removed intermediate container e5e04106d0eb
 ---> 013df0412057
Step 9/16 : FROM alpine:3.20 AS runtime
 ---> d9e853e87e55
Step 10/16 : RUN apk add --no-cache ca-certificates tini  && addgroup -S app && adduser -S app -G app
 ---> Running in f39e87f8d3bf
fetch https://dl-cdn.alpinelinux.org/alpine/v3.20/main/x86_64/APKINDEX.tar.gz
fetch https://dl-cdn.alpinelinux.org/alpine/v3.20/community/x86_64/APKINDEX.tar.gz
(1/2) Installing ca-certificates (20260413-r0)
(2/2) Installing tini (0.19.0-r3)
Executing busybox-1.36.1-r31.trigger
Executing ca-certificates-20260413-r0.trigger
OK: 8 MiB in 16 packages
 ---> Removed intermediate container f39e87f8d3bf
 ---> e8e696bfe0ca
Step 11/16 : COPY entrypoint.sh /usr/local/bin/entrypoint.sh
 ---> 5ffe1ae5a92e
Step 12/16 : COPY --from=builder /out/hello /usr/local/bin/hello
 ---> e57f1e7d2d0e
Step 13/16 : RUN chmod +x /usr/local/bin/entrypoint.sh /usr/local/bin/hello
 ---> Running in d396eff3302b
 ---> Removed intermediate container d396eff3302b
 ---> 943feda3138a
Step 14/16 : USER app
 ---> Running in 18e9127601b6
 ---> Removed intermediate container 18e9127601b6
 ---> 1bd64fb599c6
Step 15/16 : EXPOSE 8080
 ---> Running in b75c96818b83
 ---> Removed intermediate container b75c96818b83
 ---> a4628034d382
Step 16/16 : ENTRYPOINT ["/sbin/tini", "--", "/usr/local/bin/entrypoint.sh"]
 ---> Running in dddfecc899ef
 ---> Removed intermediate container dddfecc899ef
 ---> ee0ff3b2aa72
Successfully built ee0ff3b2aa72
Successfully tagged devops-hello:12-325b7f85
[Pipeline] sh
+ docker images
+ grep devops-hello
devops-hello      12-325b7f85   ee0ff3b2aa72   Less than a second ago   22.4MB
devops-hello      1.0.0         7795b72e157d   2 minutes ago            22.4MB
devops-hello      11-93d229fe   627fb1ff6fb3   33 minutes ago           22.4MB
[Pipeline] }
[Pipeline] // stage
[Pipeline] stage
[Pipeline] { (Deploy)
[Pipeline] sh
+ chmod +x scripts/build.sh scripts/deploy.sh scripts/run.sh scripts/start-jenkins.sh scripts/swap-binary.sh scripts/swap-measure.sh
[Pipeline] sh
+ ./scripts/deploy.sh devops-hello:12-325b7f85
deploy: starting candidate devops-hello-cand from devops-hello:12-325b7f85
a22101f8b2a798e07b2a96068c6cdff6377d7eb4b01e67ed79bf4df229f07a36
deploy: candidate healthy at host.docker.internal:8889
deploy: stopping previous production (image=devops-hello:11-93d229fe)
0fded08554bf6eb33f4a9907b6983604217d9b06994f1b7248701cbcd23a33ed
deploy: production is devops-hello:12-325b7f85, /version -> 12-325b7f85
[Pipeline] }
[Pipeline] // stage
[Pipeline] stage
[Pipeline] { (Verify)
[Pipeline] sh
+ curl -sf http://host.docker.internal:8888/health
ok
[Pipeline] sh
+ curl -s http://host.docker.internal:8888/version
12-325b7f85
[Pipeline] }
[Pipeline] // stage
[Pipeline] stage
[Pipeline] { (Declarative: Post Actions)
[Pipeline] echo
pipeline green: devops-hello:12-325b7f85 is serving on host.docker.internal:8888
[Pipeline] }
[Pipeline] // stage
[Pipeline] }
[Pipeline] // withEnv
[Pipeline] }
[Pipeline] // withEnv
[Pipeline] }
[Pipeline] // node
[Pipeline] End of Pipeline
Finished: SUCCESS
